Archive member included to satisfy reference by file (symbol)

d:/software/mcuxpressoide_10.0.2_411/ide/tools/bin/../lib/gcc/arm-none-eabi/5.4.1/../../../../arm-none-eabi/lib/armv6-m\libcr_semihost_nf.a(_cr__main.o)
                              ./startup/startup_mkw41z4.o (__main)
d:/software/mcuxpressoide_10.0.2_411/ide/tools/bin/../lib/gcc/arm-none-eabi/5.4.1/../../../../arm-none-eabi/lib/armv6-m\libcr_semihost_nf.a(_cr_assert.o)
                              ./drivers/fsl_clock.o (__assertion_failed)
d:/software/mcuxpressoide_10.0.2_411/ide/tools/bin/../lib/gcc/arm-none-eabi/5.4.1/../../../../arm-none-eabi/lib/armv6-m\libcr_semihost_nf.a(__ciob.o)
                              d:/software/mcuxpressoide_10.0.2_411/ide/tools/bin/../lib/gcc/arm-none-eabi/5.4.1/../../../../arm-none-eabi/lib/armv6-m\libcr_semihost_nf.a(_cr_assert.o) (__Ciob)
d:/software/mcuxpressoide_10.0.2_411/ide/tools/bin/../lib/gcc/arm-none-eabi/5.4.1/../../../../arm-none-eabi/lib/armv6-m\libcr_semihost_nf.a(__sys_appexit.o)
                              d:/software/mcuxpressoide_10.0.2_411/ide/tools/bin/../lib/gcc/arm-none-eabi/5.4.1/../../../../arm-none-eabi/lib/armv6-m\libcr_semihost_nf.a(_cr_assert.o) (__sys_appexit)
d:/software/mcuxpressoide_10.0.2_411/ide/tools/bin/../lib/gcc/arm-none-eabi/5.4.1/../../../../arm-none-eabi/lib/armv6-m\libcr_c.a(memcpy.o)
                              ./freertos/queue.o (memcpy)
d:/software/mcuxpressoide_10.0.2_411/ide/tools/bin/../lib/gcc/arm-none-eabi/5.4.1/../../../../arm-none-eabi/lib/armv6-m\libcr_c.a(memset.o)
                              ./freertos/tasks.o (memset)
d:/software/mcuxpressoide_10.0.2_411/ide/tools/bin/../lib/gcc/arm-none-eabi/5.4.1/../../../../arm-none-eabi/lib/armv6-m\libcr_c.a(_deferredlazyseek.o)
                              d:/software/mcuxpressoide_10.0.2_411/ide/tools/bin/../lib/gcc/arm-none-eabi/5.4.1/../../../../arm-none-eabi/lib/armv6-m\libcr_semihost_nf.a(_cr_assert.o) (__flsbuf)
d:/software/mcuxpressoide_10.0.2_411/ide/tools/bin/../lib/gcc/arm-none-eabi/5.4.1/../../../../arm-none-eabi/lib/armv6-m\libcr_c.a(_fflush.o)
                              d:/software/mcuxpressoide_10.0.2_411/ide/tools/bin/../lib/gcc/arm-none-eabi/5.4.1/../../../../arm-none-eabi/lib/armv6-m\libcr_c.a(_deferredlazyseek.o) (_fflush)
d:/software/mcuxpressoide_10.0.2_411/ide/tools/bin/../lib/gcc/arm-none-eabi/5.4.1/../../../../arm-none-eabi/lib/armv6-m\libcr_c.a(_writebuf.o)
                              d:/software/mcuxpressoide_10.0.2_411/ide/tools/bin/../lib/gcc/arm-none-eabi/5.4.1/../../../../arm-none-eabi/lib/armv6-m\libcr_c.a(_deferredlazyseek.o) (_Cwritebuf)
d:/software/mcuxpressoide_10.0.2_411/ide/tools/bin/../lib/gcc/arm-none-eabi/5.4.1/../../../../arm-none-eabi/lib/armv6-m\libcr_c.a(alloc.o)
                              d:/software/mcuxpressoide_10.0.2_411/ide/tools/bin/../lib/gcc/arm-none-eabi/5.4.1/../../../../arm-none-eabi/lib/armv6-m\libcr_c.a(_deferredlazyseek.o) (_Csys_alloc)
d:/software/mcuxpressoide_10.0.2_411/ide/tools/bin/../lib/gcc/arm-none-eabi/5.4.1/../../../../arm-none-eabi/lib/armv6-m\libcr_c.a(fputs.o)
                              d:/software/mcuxpressoide_10.0.2_411/ide/tools/bin/../lib/gcc/arm-none-eabi/5.4.1/../../../../arm-none-eabi/lib/armv6-m\libcr_semihost_nf.a(_cr_assert.o) (fputs)
d:/software/mcuxpressoide_10.0.2_411/ide/tools/bin/../lib/gcc/arm-none-eabi/5.4.1/../../../../arm-none-eabi/lib/armv6-m\libcr_c.a(fseek.o)
                              d:/software/mcuxpressoide_10.0.2_411/ide/tools/bin/../lib/gcc/arm-none-eabi/5.4.1/../../../../arm-none-eabi/lib/armv6-m\libcr_c.a(_deferredlazyseek.o) (fseek)
d:/software/mcuxpressoide_10.0.2_411/ide/tools/bin/../lib/gcc/arm-none-eabi/5.4.1/../../../../arm-none-eabi/lib/armv6-m\libcr_c.a(ftell.o)
                              d:/software/mcuxpressoide_10.0.2_411/ide/tools/bin/../lib/gcc/arm-none-eabi/5.4.1/../../../../arm-none-eabi/lib/armv6-m\libcr_c.a(fseek.o) (ftell)
d:/software/mcuxpressoide_10.0.2_411/ide/tools/bin/../lib/gcc/arm-none-eabi/5.4.1/../../../../arm-none-eabi/lib/armv6-m\libcr_c.a(initio.o)
                              d:/software/mcuxpressoide_10.0.2_411/ide/tools/bin/../lib/gcc/arm-none-eabi/5.4.1/../../../../arm-none-eabi/lib/armv6-m\libcr_semihost_nf.a(_cr__main.o) (_initio)
d:/software/mcuxpressoide_10.0.2_411/ide/tools/bin/../lib/gcc/arm-none-eabi/5.4.1/../../../../arm-none-eabi/lib/armv6-m\libcr_c.a(setvbuf.o)
                              d:/software/mcuxpressoide_10.0.2_411/ide/tools/bin/../lib/gcc/arm-none-eabi/5.4.1/../../../../arm-none-eabi/lib/armv6-m\libcr_c.a(initio.o) (setvbuf)
d:/software/mcuxpressoide_10.0.2_411/ide/tools/bin/../lib/gcc/arm-none-eabi/5.4.1/../../../../arm-none-eabi/lib/armv6-m\libcr_c.a(__init_alloc.o)
                              d:/software/mcuxpressoide_10.0.2_411/ide/tools/bin/../lib/gcc/arm-none-eabi/5.4.1/../../../../arm-none-eabi/lib/armv6-m\libcr_c.a(alloc.o) (__heaps)
[...]
Memory Configuration

Name             Origin             Length             Attributes
PROGRAM_FLASH    0x00000000         0x00080000         xr
SRAM             0x1fff8000         0x00020000         xrw
*default*        0x00000000         0xffffffff

Linker script and memory map

LOAD ./utilities/fsl_debug_console.o
LOAD ./startup/startup_mkw41z4.o
LOAD ./source/board.o
LOAD ./source/clock_config.o
LOAD ./source/flash.o
LOAD ./source/mtb.o
LOAD ./source/pin_mux.o
LOAD ./freertos/croutine.o
LOAD ./freertos/event_groups.o
LOAD ./freertos/fsl_tickless_lptmr.o
LOAD ./freertos/fsl_tickless_systick.o
LOAD ./freertos/heap_4.o
LOAD ./freertos/list.o
LOAD ./freertos/port.o
LOAD ./freertos/queue.o
LOAD ./freertos/tasks.o
LOAD ./freertos/timers.o
LOAD ./drivers/fsl_clock.o
LOAD ./drivers/fsl_common.o
LOAD ./drivers/fsl_gpio.o
LOAD ./drivers/fsl_lpuart.o
LOAD ./drivers/fsl_lpuart_freertos.o
LOAD ./CMSIS/system_MKW41Z4.o
START GROUP
LOAD d:/software/mcuxpressoide_10.0.2_411/ide/tools/bin/../lib/gcc/arm-none-eabi/5.4.1/../../../../arm-none-eabi/lib/armv6-m\libcr_semihost_nf.a
LOAD d:/software/mcuxpressoide_10.0.2_411/ide/tools/bin/../lib/gcc/arm-none-eabi/5.4.1/../../../../arm-none-eabi/lib/armv6-m\libcr_c.a
LOAD d:/software/mcuxpressoide_10.0.2_411/ide/tools/bin/../lib/gcc/arm-none-eabi/5.4.1/armv6-m\libcr_eabihelpers.a
END GROUP
                0x00000000                __base_PROGRAM_FLASH = 0x0
                0x00000000                __base_Flash = 0x0
                0x00080000                __top_PROGRAM_FLASH = 0x80000
                0x00080000                __top_Flash = 0x80000
                0x1fff8000                __base_SRAM = 0x1fff8000
                0x1fff8000                __base_RAM = 0x1fff8000
                0x20018000                __top_SRAM = 0x20018000
                0x20018000                __top_RAM = 0x20018000

.text           0x00000000     0x2e88
 FILL mask 0xff
                0x00000000                __vectors_start__ = ABSOLUTE (.)
 *(.isr_vector)
 .isr_vector    0x00000000       0xc0 ./startup/startup_mkw41z4.o
                0x00000000                g_pfnVectors
                0x00000000                __Vectors
                0x000000c0                . = ALIGN (0x4)
                0x000000c0                __section_table_start = .
                0x000000c0                __data_section_table = .
                0x000000c0        0x4 LONG 0x2e88 LOADADDR (.data)
                0x000000c4        0x4 LONG 0x1fff8080 ADDR (.data)
                0x000000c8        0x4 LONG 0x8 SIZEOF (.data)
                0x000000cc                __data_section_table_end = .
                0x000000cc                __bss_section_table = .
                0x000000cc        0x4 LONG 0x1fff8088 ADDR (.bss)
                0x000000d0        0x4 LONG 0x2a58 SIZEOF (.bss)
                0x000000d4                __bss_section_table_end = .
                0x000000d4                __section_table_end = .
 *(.after_vectors*)
 .after_vectors.init_data
                0x000000d4       0x18 ./startup/startup_mkw41z4.o
                0x000000d4                data_init
 .after_vectors.init_bss
                0x000000ec       0x14 ./startup/startup_mkw41z4.o
                0x000000ec                bss_init
 .after_vectors.reset
                0x00000100       0x4c ./startup/startup_mkw41z4.o
                0x00000100                ResetISR
 .after_vectors
                0x0000014c      0x118 ./startup/startup_mkw41z4.o
                0x0000014c                NMI_Handler
                0x00000150                HardFault_Handler
                0x00000160                DMA0_DriverIRQHandler
                0x00000160                PIT_DriverIRQHandler
                0x00000160                SPI1_DriverIRQHandler
                0x00000160                LPTMR0_DriverIRQHandler
                0x00000160                PORTB_PORTC_DriverIRQHandler
                0x00000160                DMA3_DriverIRQHandler
                0x00000160                I2C0_DriverIRQHandler
                0x00000160                DMA2_DriverIRQHandler
                0x00000160                TRNG0_DriverIRQHandler
                0x00000160                CMP0_DriverIRQHandler
                0x00000160                TPM2_DriverIRQHandler
                0x00000160                Radio_0_DriverIRQHandler
                0x00000160                ADC0_DriverIRQHandler
                0x00000160                SPI0_DriverIRQHandler
                0x00000160                TSI0_DriverIRQHandler
                0x00000160                RTC_Seconds_DriverIRQHandler
                0x00000160                LTC0_DriverIRQHandler
                0x00000160                LLWU_DriverIRQHandler
                0x00000160                MCG_DriverIRQHandler
                0x00000160                I2C1_DriverIRQHandler
                0x00000160                CMT_DriverIRQHandler
                0x00000160                DMA1_DriverIRQHandler
                0x00000160                FTFA_DriverIRQHandler
                0x00000160                IntDefaultHandler
                0x00000160                RTC_DriverIRQHandler
                0x00000160                DAC0_DriverIRQHandler
                0x00000160                TPM0_DriverIRQHandler
                0x00000160                TPM1_DriverIRQHandler
                0x00000160                LVD_LVW_DCDC_DriverIRQHandler
                0x00000160                PORTA_DriverIRQHandler
                0x00000160                Reserved20_DriverIRQHandler
                0x00000160                Radio_1_DriverIRQHandler
                0x00000164                DMA0_IRQHandler
                0x0000016c                DMA1_IRQHandler
                0x00000174                DMA2_IRQHandler
                0x0000017c                DMA3_IRQHandler
                0x00000184                Reserved20_IRQHandler
                0x0000018c                FTFA_IRQHandler
                0x00000194                LVD_LVW_DCDC_IRQHandler
                0x0000019c                LLWU_IRQHandler
                0x000001a4                I2C0_IRQHandler
                0x000001ac                I2C1_IRQHandler
                0x000001b4                SPI0_IRQHandler
                0x000001bc                TSI0_IRQHandler
                0x000001c4                LPUART0_IRQHandler
                0x000001cc                TRNG0_IRQHandler
                0x000001d4                CMT_IRQHandler
                0x000001dc                ADC0_IRQHandler
                0x000001e4                CMP0_IRQHandler
                0x000001ec                TPM0_IRQHandler
                0x000001f4                TPM1_IRQHandler
                0x000001fc                TPM2_IRQHandler
                0x00000204                RTC_IRQHandler
                0x0000020c                RTC_Seconds_IRQHandler
                0x00000214                PIT_IRQHandler
                0x0000021c                LTC0_IRQHandler
                0x00000224                Radio_0_IRQHandler
                0x0000022c                DAC0_IRQHandler
                0x00000234                Radio_1_IRQHandler
                0x0000023c                MCG_IRQHandler
                0x00000244                LPTMR0_IRQHandler
                0x0000024c                SPI1_IRQHandler
                0x00000254                PORTA_IRQHandler
                0x0000025c                PORTB_PORTC_IRQHandler
                0x00000400                . = 0x400
 *fill*         0x00000264      0x19c ff
                0x00000400                PROVIDE (__FLASH_CONFIG_START__, .)
 *(.FlashConfig)
 .FlashConfig   0x00000400       0x10 ./startup/startup_mkw41z4.o
                0x00000400                Flash_Config
                0x00000410                PROVIDE (__FLASH_CONFIG_END__, .)
                0x00000001                ASSERT (! ((__FLASH_CONFIG_START__ == __FLASH_CONFIG_END__)), Linker Flash Config Support Enabled, but no .FlashConfig section provided within application)
 *(.text*)
 .text.LED_Initialize
                0x00000410       0xe8 ./source/flash.o
                0x00000410                LED_Initialize
 .text.LED_On   0x000004f8       0x38 ./source/flash.o
                0x000004f8                LED_On
 .text.LED_Off  0x00000530       0x38 ./source/flash.o
                0x00000530                LED_Off
 .text.led1_task
                0x00000568       0x2c ./source/flash.o
                0x00000568                led1_task
 .text.led2_task
                0x00000594       0x2c ./source/flash.o
                0x00000594                led2_task
 .text.main     0x000005c0       0x4c ./source/flash.o
                0x000005c0                main
 .text.prvSetupTimerInterrupt
                0x0000060c       0x3c ./freertos/fsl_tickless_lptmr.o
                0x0000060c                prvSetupTimerInterrupt
 .text.pvPortMalloc
                0x00000648      0x14c ./freertos/heap_4.o
                0x00000648                pvPortMalloc
 .text.vPortFree
                0x00000794       0x90 ./freertos/heap_4.o
                0x00000794                vPortFree
 .text.prvHeapInit
                0x00000824       0xc0 ./freertos/heap_4.o
 .text.prvInsertBlockIntoFreeList
                0x000008e4       0xb0 ./freertos/heap_4.o
 .text.vListInitialise
                0x00000994       0x3c ./freertos/list.o
                0x00000994                vListInitialise
 .text.vListInitialiseItem
                0x000009d0       0x18 ./freertos/list.o
                0x000009d0                vListInitialiseItem
 .text.vListInsertEnd
                0x000009e8       0x44 ./freertos/list.o
                0x000009e8                vListInsertEnd
 .text.vListInsert
                0x00000a2c       0x6c ./freertos/list.o
                0x00000a2c                vListInsert
 .text.uxListRemove
                0x00000a98       0x50 ./freertos/list.o
                0x00000a98                uxListRemove
 .text.pxPortInitialiseStack
                0x00000ae8       0x54 ./freertos/port.o
                0x00000ae8                pxPortInitialiseStack
 .text.prvTaskExitError
                0x00000b3c       0x18 ./freertos/port.o
 .text.SVC_Handler
                0x00000b54        0xc ./freertos/port.o
                0x00000b54                SVC_Handler
 .text.vPortStartFirstTask
                0x00000b60       0x38 ./freertos/port.o
 .text.xPortStartScheduler
                0x00000b98       0x44 ./freertos/port.o
                0x00000b98                xPortStartScheduler
 .text.vPortYield
                0x00000bdc       0x20 ./freertos/port.o
                0x00000bdc                vPortYield
 .text.vPortEnterCritical
                0x00000bfc       0x24 ./freertos/port.o
                0x00000bfc                vPortEnterCritical
 .text.vPortExitCritical
                0x00000c20       0x30 ./freertos/port.o
                0x00000c20                vPortExitCritical
 .text.ulSetInterruptMaskFromISR
                0x00000c50        0xc ./freertos/port.o
                0x00000c50                ulSetInterruptMaskFromISR
 .text.vClearInterruptMaskFromISR
                0x00000c5c        0x8 ./freertos/port.o
                0x00000c5c                vClearInterruptMaskFromISR
 *fill*         0x00000c64        0xc ff
 .text.PendSV_Handler
                0x00000c70       0x48 ./freertos/port.o
                0x00000c70                PendSV_Handler
 .text.SysTick_Handler
                0x00000cb8       0x34 ./freertos/port.o
                0x00000cb8                SysTick_Handler
 .text.xQueueGenericReset
                0x00000cec       0xa8 ./freertos/queue.o
                0x00000cec                xQueueGenericReset
 .text.xQueueGenericCreate
                0x00000d94       0x64 ./freertos/queue.o
                0x00000d94                xQueueGenericCreate
 .text.prvInitialiseNewQueue
                0x00000df8       0x50 ./freertos/queue.o
 .text.xQueueGenericSend
                0x00000e48      0x188 ./freertos/queue.o
                0x00000e48                xQueueGenericSend
 .text.xQueueGenericSendFromISR
                0x00000fd0       0xe4 ./freertos/queue.o
                0x00000fd0                xQueueGenericSendFromISR
 .text.xQueueGenericReceive
                0x000010b4      0x1c8 ./freertos/queue.o
                0x000010b4                xQueueGenericReceive
 .text.prvCopyDataToQueue
                0x0000127c       0xd8 ./freertos/queue.o
 .text.prvCopyDataFromQueue
                0x00001354       0x4c ./freertos/queue.o
 .text.prvUnlockQueue
                0x000013a0       0xc0 ./freertos/queue.o
 .text.prvIsQueueEmpty
                0x00001460       0x2c ./freertos/queue.o
 .text.prvIsQueueFull
                0x0000148c       0x30 ./freertos/queue.o
 .text.vQueueAddToRegistry
                0x000014bc       0x50 ./freertos/queue.o
                0x000014bc                vQueueAddToRegistry
 .text.vQueueWaitForMessageRestricted
                0x0000150c       0x68 ./freertos/queue.o
                0x0000150c                vQueueWaitForMessageRestricted
 .text.xTaskCreate
                0x00001574       0x90 ./freertos/tasks.o
                0x00001574                xTaskCreate
 .text.prvInitialiseNewTask
                0x00001604      0x120 ./freertos/tasks.o
 .text.prvAddNewTaskToReadyList
                0x00001724       0xd0 ./freertos/tasks.o
 .text.vTaskDelay
                0x000017f4       0x4c ./freertos/tasks.o
                0x000017f4                vTaskDelay
 .text.vTaskStartScheduler
                0x00001840       0x78 ./freertos/tasks.o
                0x00001840                vTaskStartScheduler
 .text.vTaskSuspendAll
                0x000018b8       0x18 ./freertos/tasks.o
                0x000018b8                vTaskSuspendAll
 .text.xTaskResumeAll
                0x000018d0      0x118 ./freertos/tasks.o
                0x000018d0                xTaskResumeAll
 .text.xTaskGetTickCount
                0x000019e8       0x1c ./freertos/tasks.o
                0x000019e8                xTaskGetTickCount
 .text.xTaskIncrementTick
                0x00001a04      0x14c ./freertos/tasks.o
                0x00001a04                xTaskIncrementTick
 .text.vTaskSwitchContext
                0x00001b50       0xa4 ./freertos/tasks.o
                0x00001b50                vTaskSwitchContext
 .text.vTaskPlaceOnEventList
                0x00001bf4       0x3c ./freertos/tasks.o
                0x00001bf4                vTaskPlaceOnEventList
 .text.vTaskPlaceOnEventListRestricted
                0x00001c30       0x4c ./freertos/tasks.o
                0x00001c30                vTaskPlaceOnEventListRestricted
 .text.xTaskRemoveFromEventList
                0x00001c7c       0xb8 ./freertos/tasks.o
                0x00001c7c                xTaskRemoveFromEventList
 .text.vTaskSetTimeOutState
                0x00001d34       0x34 ./freertos/tasks.o
                0x00001d34                vTaskSetTimeOutState
 .text.xTaskCheckForTimeOut
                0x00001d68       0x9c ./freertos/tasks.o
                0x00001d68                xTaskCheckForTimeOut
 .text.vTaskMissedYield
                0x00001e04       0x14 ./freertos/tasks.o
                0x00001e04                vTaskMissedYield
 .text.prvIdleTask
                0x00001e18       0x20 ./freertos/tasks.o
 .text.prvInitialiseTaskLists
                0x00001e38       0x88 ./freertos/tasks.o
 .text.prvCheckTasksWaitingTermination
                0x00001ec0       0x74 ./freertos/tasks.o
 .text.prvDeleteTCB
                0x00001f34       0x24 ./freertos/tasks.o
 .text.prvResetNextTaskUnblockTime
                0x00001f58       0x48 ./freertos/tasks.o
 .text.xTaskGetSchedulerState
                0x00001fa0       0x38 ./freertos/tasks.o
                0x00001fa0                xTaskGetSchedulerState
 .text.vTaskPriorityInherit
                0x00001fd8       0xbc ./freertos/tasks.o
                0x00001fd8                vTaskPriorityInherit
 .text.xTaskPriorityDisinherit
                0x00002094       0xb8 ./freertos/tasks.o
                0x00002094                xTaskPriorityDisinherit
 .text.pvTaskIncrementMutexHeldCount
                0x0000214c       0x24 ./freertos/tasks.o
                0x0000214c                pvTaskIncrementMutexHeldCount
 .text.prvAddCurrentTaskToDelayedList
                0x00002170       0xa8 ./freertos/tasks.o
 .text.xTimerCreateTimerTask
                0x00002218       0x54 ./freertos/timers.o
                0x00002218                xTimerCreateTimerTask
 .text.xTimerGenericCommand
                0x0000226c       0x9c ./freertos/timers.o
                0x0000226c                xTimerGenericCommand
 .text.prvProcessExpiredTimer
                0x00002308       0x70 ./freertos/timers.o
 .text.prvTimerTask
                0x00002378       0x28 ./freertos/timers.o
 .text.prvProcessTimerOrBlockTask
                0x000023a0       0x8c ./freertos/timers.o
 .text.prvGetNextExpireTime
                0x0000242c       0x40 ./freertos/timers.o
 .text.prvSampleTimeNow
                0x0000246c       0x40 ./freertos/timers.o
 .text.prvInsertTimerInActiveList
                0x000024ac       0x84 ./freertos/timers.o
 .text.prvProcessReceivedCommands
                0x00002530      0x12c ./freertos/timers.o
 .text.prvSwitchTimerLists
                0x0000265c       0xb4 ./freertos/timers.o
 .text.prvCheckForValidListAndQueue
                0x00002710       0x74 ./freertos/timers.o
 .text.LPUART0_DriverIRQHandler
                0x00002784       0x24 ./drivers/fsl_lpuart.o
                0x00002784                LPUART0_DriverIRQHandler
 .text.SystemInit
                0x000027a8       0x18 ./CMSIS/system_MKW41Z4.o
                0x000027a8                SystemInit
 .text.__main   0x000027c0        0xc d:/software/mcuxpressoide_10.0.2_411/ide/tools/bin/../lib/gcc/arm-none-eabi/5.4.1/../../../../arm-none-eabi/lib/armv6-m\libcr_semihost_nf.a(_cr__main.o)
                0x000027c0                __CR_SEMIHOST
                0x000027c0                __main
 .text.memcpy   0x000027cc        0x8 d:/software/mcuxpressoide_10.0.2_411/ide/tools/bin/../lib/gcc/arm-none-eabi/5.4.1/../../../../arm-none-eabi/lib/armv6-m\libcr_c.a(memcpy.o)
                0x000027cc                memcpy
 .text.memset   0x000027d4        0x8 d:/software/mcuxpressoide_10.0.2_411/ide/tools/bin/../lib/gcc/arm-none-eabi/5.4.1/../../../../arm-none-eabi/lib/armv6-m\libcr_c.a(memset.o)
                0x000027d4                memset
 .text._deferredlazyseek
                0x000027dc       0x40 d:/software/mcuxpressoide_10.0.2_411/ide/tools/bin/../lib/gcc/arm-none-eabi/5.4.1/../../../../arm-none-eabi/lib/armv6-m\libcr_c.a(_deferredlazyseek.o)
                0x000027dc                _deferredlazyseek
 .text._fflush  0x0000281c       0x60 d:/software/mcuxpressoide_10.0.2_411/ide/tools/bin/../lib/gcc/arm-none-eabi/5.4.1/../../../../arm-none-eabi/lib/armv6-m\libcr_c.a(_fflush.o)
                0x0000281c                _fflush
 .text._Cwritebuf
                0x0000287c       0x6c d:/software/mcuxpressoide_10.0.2_411/ide/tools/bin/../lib/gcc/arm-none-eabi/5.4.1/../../../../arm-none-eabi/lib/armv6-m\libcr_c.a(_writebuf.o)
                0x0000287c                _Cwritebuf
 .text.free     0x000028e8       0x2e d:/software/mcuxpressoide_10.0.2_411/ide/tools/bin/../lib/gcc/arm-none-eabi/5.4.1/../../../../arm-none-eabi/lib/armv6-m\libcr_c.a(alloc.o)
                0x000028e8                free
 *fill*         0x00002916        0x2 ff
 .text.fseek    0x00002918       0xf0 d:/software/mcuxpressoide_10.0.2_411/ide/tools/bin/../lib/gcc/arm-none-eabi/5.4.1/../../../../arm-none-eabi/lib/armv6-m\libcr_c.a(fseek.o)
                0x00002918                fseek
 .text.ftell    0x00002a08       0x48 d:/software/mcuxpressoide_10.0.2_411/ide/tools/bin/../lib/gcc/arm-none-eabi/5.4.1/../../../../arm-none-eabi/lib/armv6-m\libcr_c.a(ftell.o)
                0x00002a08                ftell
 .text._initio  0x00002a50       0x7c d:/software/mcuxpressoide_10.0.2_411/ide/tools/bin/../lib/gcc/arm-none-eabi/5.4.1/../../../../arm-none-eabi/lib/armv6-m\libcr_c.a(initio.o)
                0x00002a50                _initio
 .text.setvbuf  0x00002acc       0x4c d:/software/mcuxpressoide_10.0.2_411/ide/tools/bin/../lib/gcc/arm-none-eabi/5.4.1/../../../../arm-none-eabi/lib/armv6-m\libcr_c.a(setvbuf.o)
                0x00002acc                setvbuf
 .text._fdopen  0x00002b18       0x74 d:/software/mcuxpressoide_10.0.2_411/ide/tools/bin/../lib/gcc/arm-none-eabi/5.4.1/../../../../arm-none-eabi/lib/armv6-m\libcr_c.a(_fdopen.o)
                0x00002b18                _fdopen
 .text.fclose   0x00002b8c       0x5c d:/software/mcuxpressoide_10.0.2_411/ide/tools/bin/../lib/gcc/arm-none-eabi/5.4.1/../../../../arm-none-eabi/lib/armv6-m\libcr_c.a(fclose.o)
                0x00002b8c                fclose
 .text.fflush   0x00002be8       0x44 d:/software/mcuxpressoide_10.0.2_411/ide/tools/bin/../lib/gcc/arm-none-eabi/5.4.1/../../../../arm-none-eabi/lib/armv6-m\libcr_c.a(fflush.o)
                0x00002be8                fflush
 .text.remove   0x00002c2c       0x12 d:/software/mcuxpressoide_10.0.2_411/ide/tools/bin/../lib/gcc/arm-none-eabi/5.4.1/../../../../arm-none-eabi/lib/armv6-m\libcr_c.a(remove.o)
                0x00002c2c                remove
 *fill*         0x00002c3e        0x2 ff
 .text.strlen   0x00002c40       0x54 d:/software/mcuxpressoide_10.0.2_411/ide/tools/bin/../lib/gcc/arm-none-eabi/5.4.1/../../../../arm-none-eabi/lib/armv6-m\libcr_c.a(strlen.o)
                0x00002c40                strlen
 .text._do_fflush
                0x00002c94       0x48 d:/software/mcuxpressoide_10.0.2_411/ide/tools/bin/../lib/gcc/arm-none-eabi/5.4.1/../../../../arm-none-eabi/lib/armv6-m\libcr_c.a(_do_fflush.o)
                0x00002c94                _do_fflush
 .text.__aeabi_division_idivmod
                0x00002cdc       0x78 d:/software/mcuxpressoide_10.0.2_411/ide/tools/bin/../lib/gcc/arm-none-eabi/5.4.1/armv6-m\libcr_eabihelpers.a(division_32.o)
                0x00002cdc                __aeabi_idivmod
                0x00002cdc                __aeabi_idiv
                0x00002ce2                __aeabi_uidivmod
                0x00002ce2                __aeabi_uidiv
 .text.__aeabi_division_idiv0
                0x00002d54        0x2 d:/software/mcuxpressoide_10.0.2_411/ide/tools/bin/../lib/gcc/arm-none-eabi/5.4.1/armv6-m\libcr_eabihelpers.a(division_idiv0.o)
                0x00002d54                __aeabi_idiv0
 .text.__aeabi_memcpy
                0x00002d56       0x2c d:/software/mcuxpressoide_10.0.2_411/ide/tools/bin/../lib/gcc/arm-none-eabi/5.4.1/armv6-m\libcr_eabihelpers.a(memcpy.o)
                0x00002d56                __aeabi_memcpy4
                0x00002d56                __aeabi_memcpy8
                0x00002d56                __aeabi_memcpy
 .text.__aeabi_memset_lowlevel
                0x00002d82       0x2a d:/software/mcuxpressoide_10.0.2_411/ide/tools/bin/../lib/gcc/arm-none-eabi/5.4.1/armv6-m\libcr_eabihelpers.a(memcpy.o)
                0x00002d82                __aeabi_lowlevel_memset
 .text.__sys_close
                0x00002dac        0xc d:/software/mcuxpressoide_10.0.2_411/ide/tools/bin/../lib/gcc/arm-none-eabi/5.4.1/../../../../arm-none-eabi/lib/armv6-m\libcr_semihost_nf.a(__sys_close.o)
                0x00002dac                __sys_close
 .text.__sys_flen
                0x00002db8        0xc d:/software/mcuxpressoide_10.0.2_411/ide/tools/bin/../lib/gcc/arm-none-eabi/5.4.1/../../../../arm-none-eabi/lib/armv6-m\libcr_semihost_nf.a(__sys_flen.o)
                0x00002db8                __sys_flen
 .text.__sys_istty
                0x00002dc4        0xc d:/software/mcuxpressoide_10.0.2_411/ide/tools/bin/../lib/gcc/arm-none-eabi/5.4.1/../../../../arm-none-eabi/lib/armv6-m\libcr_semihost_nf.a(__sys_istty.o)
                0x00002dc4                __sys_istty
 .text.__sys_remove
                0x00002dd0        0xc d:/software/mcuxpressoide_10.0.2_411/ide/tools/bin/../lib/gcc/arm-none-eabi/5.4.1/../../../../arm-none-eabi/lib/armv6-m\libcr_semihost_nf.a(__sys_remove.o)
                0x00002dd0                __sys_remove
 .text.__sys_seek
                0x00002ddc        0xc d:/software/mcuxpressoide_10.0.2_411/ide/tools/bin/../lib/gcc/arm-none-eabi/5.4.1/../../../../arm-none-eabi/lib/armv6-m\libcr_semihost_nf.a(__sys_seek.o)
                0x00002ddc                __sys_seek
 .text.__sys_tmpnam
                0x00002de8        0xc d:/software/mcuxpressoide_10.0.2_411/ide/tools/bin/../lib/gcc/arm-none-eabi/5.4.1/../../../../arm-none-eabi/lib/armv6-m\libcr_semihost_nf.a(__sys_tmpnam.o)
                0x00002de8                __sys_tmpnam
 .text.__sys_write
                0x00002df4        0xc d:/software/mcuxpressoide_10.0.2_411/ide/tools/bin/../lib/gcc/arm-none-eabi/5.4.1/../../../../arm-none-eabi/lib/armv6-m\libcr_semihost_nf.a(__sys_write.o)
                0x00002df4                __sys_write
 *(.rodata .rodata.* .constdata .constdata.*)
 .rodata.led_pin
                0x00002e00       0x10 ./source/flash.o
                0x00002e00                led_pin
 .rodata.led_port
                0x00002e10       0x10 ./source/flash.o
                0x00002e10                led_port
 .rodata.led_gpio
                0x00002e20       0x10 ./source/flash.o
                0x00002e20                led_gpio
 .rodata        0x00002e30        0xd ./source/flash.o
 *fill*         0x00002e3d        0x3 ff
 .rodata        0x00002e40        0x5 ./freertos/tasks.o
 *fill*         0x00002e45        0x3 ff
 .rodata        0x00002e48        0xd ./freertos/timers.o
 *fill*         0x00002e55        0x3 ff
 .rodata.prvProcessReceivedCommands
                0x00002e58       0x28 ./freertos/timers.o
 .rodata.__num_Ciob_streams
                0x00002e80        0x4 d:/software/mcuxpressoide_10.0.2_411/ide/tools/bin/../lib/gcc/arm-none-eabi/5.4.1/../../../../arm-none-eabi/lib/armv6-m\libcr_semihost_nf.a(__ciob.o)
                0x00002e80                __num_Ciob_streams
 .rodata.str1.1
                0x00002e84        0x4 d:/software/mcuxpressoide_10.0.2_411/ide/tools/bin/../lib/gcc/arm-none-eabi/5.4.1/../../../../arm-none-eabi/lib/armv6-m\libcr_c.a(initio.o)
                0x00002e88                . = ALIGN (0x4)

.glue_7         0x00002e88        0x0
 .glue_7        0x00002e88        0x0 linker stubs

.glue_7t        0x00002e88        0x0
 .glue_7t       0x00002e88        0x0 linker stubs

.vfp11_veneer   0x00002e88        0x0
 .vfp11_veneer  0x00002e88        0x0 linker stubs

.v4_bx          0x00002e88        0x0
 .v4_bx         0x00002e88        0x0 linker stubs

.iplt           0x00002e88        0x0
 .iplt          0x00002e88        0x0 ./utilities/fsl_debug_console.o

.rel.dyn        0x00002e88        0x0
 .rel.iplt      0x00002e88        0x0 ./utilities/fsl_debug_console.o

.ARM.extab
 *(.ARM.extab* .gnu.linkonce.armextab.*)
                0x00002e88                __exidx_start = .

.ARM.exidx
 *(.ARM.exidx* .gnu.linkonce.armexidx.*)
                0x00002e88                __exidx_end = .
                0x00002e88                _etext = .

.mtb_buffer_default
                0x1fff8000       0x80
 *(.mtb*)
 .mtb.$RAM1     0x1fff8000       0x80 ./source/mtb.o
                0x1fff8000                __mtb_buffer__

.uninit_RESERVED
                0x1fff8080        0x0
 *(.bss.$RESERVED*)
                0x1fff8080                . = ALIGN (0x4)
                0x1fff8080                _end_uninit_RESERVED = .

.data           0x1fff8080        0x8 load address 0x00002e88
 FILL mask 0xff
                0x1fff8080                _data = .
 *(vtable)
 *(.ramfunc*)
 *(.data*)
 .data.uxCriticalNesting
                0x1fff8080        0x4 ./freertos/port.o
 .data.SystemCoreClock
                0x1fff8084        0x4 ./CMSIS/system_MKW41Z4.o
                0x1fff8084                SystemCoreClock
                0x1fff8088                . = ALIGN (0x4)
                0x1fff8088                _edata = .

.igot.plt       0x1fff8088        0x0 load address 0x00002e90
 .igot.plt      0x1fff8088        0x0 ./utilities/fsl_debug_console.o

.bss            0x1fff8088     0x2a58 load address 0x00002e90
                0x1fff8088                _bss = .
 *(.bss*)
 .bss.ucHeap    0x1fff8088     0x2800 ./freertos/heap_4.o
 .bss.xStart    0x1fffa888        0x8 ./freertos/heap_4.o
 .bss.pxEnd     0x1fffa890        0x4 ./freertos/heap_4.o
 .bss.xFreeBytesRemaining
                0x1fffa894        0x4 ./freertos/heap_4.o
 .bss.xMinimumEverFreeBytesRemaining
                0x1fffa898        0x4 ./freertos/heap_4.o
 .bss.xBlockAllocatedBit
                0x1fffa89c        0x4 ./freertos/heap_4.o
 .bss.xQueueRegistry
                0x1fffa8a0       0x40 ./freertos/queue.o
                0x1fffa8a0                xQueueRegistry
 .bss.pxCurrentTCB
                0x1fffa8e0        0x4 ./freertos/tasks.o
                0x1fffa8e0                pxCurrentTCB
 .bss.pxReadyTasksLists
                0x1fffa8e4       0x64 ./freertos/tasks.o
 .bss.xDelayedTaskList1
                0x1fffa948       0x14 ./freertos/tasks.o
 .bss.xDelayedTaskList2
                0x1fffa95c       0x14 ./freertos/tasks.o
 .bss.pxDelayedTaskList
                0x1fffa970        0x4 ./freertos/tasks.o
 .bss.pxOverflowDelayedTaskList
                0x1fffa974        0x4 ./freertos/tasks.o
 .bss.xPendingReadyList
                0x1fffa978       0x14 ./freertos/tasks.o
 .bss.xTasksWaitingTermination
                0x1fffa98c       0x14 ./freertos/tasks.o
 .bss.uxDeletedTasksWaitingCleanUp
                0x1fffa9a0        0x4 ./freertos/tasks.o
 .bss.xSuspendedTaskList
                0x1fffa9a4       0x14 ./freertos/tasks.o
 .bss.uxCurrentNumberOfTasks
                0x1fffa9b8        0x4 ./freertos/tasks.o
 .bss.xTickCount
                0x1fffa9bc        0x4 ./freertos/tasks.o
 .bss.uxTopReadyPriority
                0x1fffa9c0        0x4 ./freertos/tasks.o
 .bss.xSchedulerRunning
                0x1fffa9c4        0x4 ./freertos/tasks.o
 .bss.uxPendedTicks
                0x1fffa9c8        0x4 ./freertos/tasks.o
 .bss.xYieldPending
                0x1fffa9cc        0x4 ./freertos/tasks.o
 .bss.xNumOfOverflows
                0x1fffa9d0        0x4 ./freertos/tasks.o
 .bss.uxTaskNumber
                0x1fffa9d4        0x4 ./freertos/tasks.o
 .bss.xNextTaskUnblockTime
                0x1fffa9d8        0x4 ./freertos/tasks.o
 .bss.xIdleTaskHandle
                0x1fffa9dc        0x4 ./freertos/tasks.o
 .bss.uxSchedulerSuspended
                0x1fffa9e0        0x4 ./freertos/tasks.o
 .bss.xActiveTimerList1
                0x1fffa9e4       0x14 ./freertos/timers.o
 .bss.xActiveTimerList2
                0x1fffa9f8       0x14 ./freertos/timers.o
 .bss.pxCurrentTimerList
                0x1fffaa0c        0x4 ./freertos/timers.o
 .bss.pxOverflowTimerList
                0x1fffaa10        0x4 ./freertos/timers.o
 .bss.xTimerQueue
                0x1fffaa14        0x4 ./freertos/timers.o
 .bss.xTimerTaskHandle
                0x1fffaa18        0x4 ./freertos/timers.o
 .bss.xLastTime.4598
                0x1fffaa1c        0x4 ./freertos/timers.o
 .bss.s_lpuartHandle
                0x1fffaa20        0x4 ./drivers/fsl_lpuart.o
 .bss.s_lpuartIsr
                0x1fffaa24        0x4 ./drivers/fsl_lpuart.o
 .bss.__Ciob    0x1fffaa28       0xb4 d:/software/mcuxpressoide_10.0.2_411/ide/tools/bin/../lib/gcc/arm-none-eabi/5.4.1/../../../../arm-none-eabi/lib/armv6-m\libcr_semihost_nf.a(__ciob.o)
                0x1fffaa28                __Ciob
 .bss.errno     0x1fffaadc        0x4 d:/software/mcuxpressoide_10.0.2_411/ide/tools/bin/../lib/gcc/arm-none-eabi/5.4.1/../../../../arm-none-eabi/lib/armv6-m\libcr_c.a(errno.o)
                0x1fffaadc                errno
 *(COMMON)
                0x1fffaae0                . = ALIGN (0x4)
                0x1fffaae0                _ebss = .
                [!provide]                PROVIDE (end, .)

.noinit         0x1fffaae0        0x0 load address 0x00002e90
                0x1fffaae0                _noinit = .
 *(.noinit*)
                0x1fffaae0                . = ALIGN (0x4)
                0x1fffaae0                _end_noinit = .

.heap           0x1fffaae0     0x1000 load address 0x00002e90
                0x1fffaae0                _pvHeapStart = .
                0x1fffbae0                . = (. + 0x1000)
 *fill*         0x1fffaae0     0x1000 
                0x1fffbae0                . = ALIGN (0x4)
                0x1fffbae0                _pvHeapLimit = .

.heap2stackfill
                0x1fffbae0     0x1000 load address 0x00002e90
                0x1fffcae0                . = (. + 0x1000)
 *fill*         0x1fffbae0     0x1000 

.stack          0x20017000        0x0
                0x20017000                _vStackBase = .
                0x20017000                . = ALIGN (0x4)
                0x20018000                _vStackTop = (. + 0x1000)
OUTPUT(flash.axf elf32-littlearm)

.debug_info     0x00000000     0x5995
 .debug_info    0x00000000      0x49f ./startup/startup_mkw41z4.o
 .debug_info    0x0000049f      0x48e ./source/flash.o
 .debug_info    0x0000092d       0x51 ./source/mtb.o
 .debug_info    0x0000097e       0xb7 ./freertos/fsl_tickless_lptmr.o
 .debug_info    0x00000a35      0x2e4 ./freertos/heap_4.o
 .debug_info    0x00000d19      0x296 ./freertos/list.o
 .debug_info    0x00000faf      0x229 ./freertos/port.o
 .debug_info    0x000011d8      0xe02 ./freertos/queue.o
 .debug_info    0x00001fda     0x173c ./freertos/tasks.o
 .debug_info    0x00003716      0xac4 ./freertos/timers.o
 .debug_info    0x000041da     0x1418 ./drivers/fsl_lpuart.o
 .debug_info    0x000055f2      0x3a3 ./CMSIS/system_MKW41Z4.o

.debug_abbrev   0x00000000      0xfc6
 .debug_abbrev  0x00000000      0x131 ./startup/startup_mkw41z4.o
 .debug_abbrev  0x00000131      0x14c ./source/flash.o
 .debug_abbrev  0x0000027d       0x41 ./source/mtb.o
 .debug_abbrev  0x000002be       0x63 ./freertos/fsl_tickless_lptmr.o
 .debug_abbrev  0x00000321      0x15b ./freertos/heap_4.o
 .debug_abbrev  0x0000047c       0xc1 ./freertos/list.o
 .debug_abbrev  0x0000053d      0x160 ./freertos/port.o
 .debug_abbrev  0x0000069d      0x1a6 ./freertos/queue.o
 .debug_abbrev  0x00000843      0x247 ./freertos/tasks.o
 .debug_abbrev  0x00000a8a      0x1ac ./freertos/timers.o
 .debug_abbrev  0x00000c36      0x287 ./drivers/fsl_lpuart.o
 .debug_abbrev  0x00000ebd      0x109 ./CMSIS/system_MKW41Z4.o

.debug_aranges  0x00000000      0x7f8
 .debug_aranges
                0x00000000      0x160 ./startup/startup_mkw41z4.o
 .debug_aranges
                0x00000160       0x48 ./source/flash.o
 .debug_aranges
                0x000001a8       0x18 ./source/mtb.o
 .debug_aranges
                0x000001c0       0x20 ./freertos/fsl_tickless_lptmr.o
 .debug_aranges
                0x000001e0       0x50 ./freertos/heap_4.o
 .debug_aranges
                0x00000230       0x40 ./freertos/list.o
 .debug_aranges
                0x00000270       0x80 ./freertos/port.o
 .debug_aranges
                0x000002f0      0x118 ./freertos/queue.o
 .debug_aranges
                0x00000408      0x1e8 ./freertos/tasks.o
 .debug_aranges
                0x000005f0       0xc8 ./freertos/timers.o
 .debug_aranges
                0x000006b8      0x118 ./drivers/fsl_lpuart.o
 .debug_aranges
                0x000007d0       0x28 ./CMSIS/system_MKW41Z4.o

.debug_ranges   0x00000000      0x730
 .debug_ranges  0x00000000      0x150 ./startup/startup_mkw41z4.o
 .debug_ranges  0x00000150       0x38 ./source/flash.o
 .debug_ranges  0x00000188       0x10 ./freertos/fsl_tickless_lptmr.o
 .debug_ranges  0x00000198       0x40 ./freertos/heap_4.o
 .debug_ranges  0x000001d8       0x30 ./freertos/list.o
 .debug_ranges  0x00000208       0x70 ./freertos/port.o
 .debug_ranges  0x00000278      0x108 ./freertos/queue.o
 .debug_ranges  0x00000380      0x1d8 ./freertos/tasks.o
 .debug_ranges  0x00000558       0xb8 ./freertos/timers.o
 .debug_ranges  0x00000610      0x108 ./drivers/fsl_lpuart.o
 .debug_ranges  0x00000718       0x18 ./CMSIS/system_MKW41Z4.o

.debug_macro    0x00000000     0x14f5
 .debug_macro   0x00000000       0x29 ./startup/startup_mkw41z4.o
 .debug_macro   0x00000029      0x136 ./source/flash.o
 .debug_macro   0x0000015f       0xd8 ./source/flash.o
 .debug_macro   0x00000237       0x10 ./source/flash.o
 .debug_macro   0x00000247      0x18b ./source/flash.o
 .debug_macro   0x000003d2      0x168 ./source/flash.o
 .debug_macro   0x0000053a       0xb6 ./source/flash.o
 .debug_macro   0x000005f0       0x10 ./source/flash.o
 .debug_macro   0x00000600       0x1f ./source/flash.o
 .debug_macro   0x0000061f      0x361 ./source/flash.o
 .debug_macro   0x00000980       0xc0 ./source/flash.o
 .debug_macro   0x00000a40       0x8c ./source/flash.o
 .debug_macro   0x00000acc       0x2f ./source/mtb.o
 .debug_macro   0x00000afb       0x82 ./source/mtb.o
 .debug_macro   0x00000b7d       0x10 ./source/mtb.o
 .debug_macro   0x00000b8d       0xbd ./freertos/fsl_tickless_lptmr.o
 .debug_macro   0x00000c4a       0x8e ./freertos/fsl_tickless_lptmr.o
 .debug_macro   0x00000cd8       0xe0 ./freertos/heap_4.o
 .debug_macro   0x00000db8       0xb9 ./freertos/list.o
 .debug_macro   0x00000e71       0xcf ./freertos/port.o
 .debug_macro   0x00000f40      0x122 ./freertos/queue.o
 .debug_macro   0x00001062       0x94 ./freertos/queue.o
 .debug_macro   0x000010f6      0x182 ./freertos/tasks.o
 .debug_macro   0x00001278       0x11 ./freertos/tasks.o
 .debug_macro   0x00001289       0xec ./freertos/timers.o
 .debug_macro   0x00001375       0xec ./drivers/fsl_lpuart.o
 .debug_macro   0x00001461       0x94 ./CMSIS/system_MKW41Z4.o

.debug_line     0x00000000     0x3189
 .debug_line    0x00000000      0x128 ./startup/startup_mkw41z4.o
 .debug_line    0x00000128      0x394 ./source/flash.o
 .debug_line    0x000004bc       0x9a ./source/mtb.o
 .debug_line    0x00000556      0x1ce ./freertos/fsl_tickless_lptmr.o
 .debug_line    0x00000724      0x2c2 ./freertos/heap_4.o
 .debug_line    0x000009e6      0x218 ./freertos/list.o
 .debug_line    0x00000bfe      0x2cf ./freertos/port.o
 .debug_line    0x00000ecd      0x7df ./freertos/queue.o
 .debug_line    0x000016ac      0xce0 ./freertos/tasks.o
 .debug_line    0x0000238c      0x49c ./freertos/timers.o
 .debug_line    0x00002828      0x768 ./drivers/fsl_lpuart.o
 .debug_line    0x00002f90      0x1f9 ./CMSIS/system_MKW41Z4.o

.debug_str      0x00000000    0xa3b37
 .debug_str     0x00000000     0x27da ./startup/startup_mkw41z4.o
                               0x2827 (size before relaxing)
 .debug_str     0x000027da    0x947cb ./source/flash.o
                              0x96dd9 (size before relaxing)
 .debug_str     0x00096fa5      0x532 ./source/mtb.o
                               0x2935 (size before relaxing)
 .debug_str     0x000974d7      0x44c ./freertos/fsl_tickless_lptmr.o
                               0x7275 (size before relaxing)
 .debug_str     0x00097923      0x2f3 ./freertos/heap_4.o
                               0x7110 (size before relaxing)
 .debug_str     0x00097c16      0x12a ./freertos/list.o
                               0x6a2d (size before relaxing)
 .debug_str     0x00097d40      0x188 ./freertos/port.o
                               0x740c (size before relaxing)
 .debug_str     0x00097ec8      0xf75 ./freertos/queue.o
                               0x7f89 (size before relaxing)
 .debug_str     0x00098e3d     0x1ad0 ./freertos/tasks.o
                               0x8bfa (size before relaxing)
 .debug_str     0x0009a90d      0x4c6 ./freertos/timers.o
                               0x84d4 (size before relaxing)
 .debug_str     0x0009add3     0x8d00 ./drivers/fsl_lpuart.o
                              0x9c375 (size before relaxing)
 .debug_str     0x000a3ad3       0x64 ./CMSIS/system_MKW41Z4.o
                              0x9a570 (size before relaxing)

.comment        0x00000000       0x6e
 .comment       0x00000000       0x6e ./startup/startup_mkw41z4.o
                                 0x6f (size before relaxing)
 .comment       0x0000006e       0x6f ./source/flash.o
 .comment       0x0000006e       0x6f ./source/mtb.o
 .comment       0x0000006e       0x6f ./freertos/fsl_tickless_lptmr.o
 .comment       0x0000006e       0x6f ./freertos/heap_4.o
 .comment       0x0000006e       0x6f ./freertos/list.o
 .comment       0x0000006e       0x6f ./freertos/port.o
 .comment       0x0000006e       0x6f ./freertos/queue.o
 .comment       0x0000006e       0x6f ./freertos/tasks.o
 .comment       0x0000006e       0x6f ./freertos/timers.o
 .comment       0x0000006e       0x6f ./drivers/fsl_lpuart.o
 .comment       0x0000006e       0x6f ./CMSIS/system_MKW41Z4.o
 .comment       0x0000006e       0x6f d:/software/mcuxpressoide_10.0.2_411/ide/tools/bin/../lib/gcc/arm-none-eabi/5.4.1/../../../../arm-none-eabi/lib/armv6-m\libcr_semihost_nf.a(_cr__main.o)
 .comment       0x0000006e       0x6f d:/software/mcuxpressoide_10.0.2_411/ide/tools/bin/../lib/gcc/arm-none-eabi/5.4.1/../../../../arm-none-eabi/lib/armv6-m\libcr_semihost_nf.a(__ciob.o)
 .comment       0x0000006e       0x6f d:/software/mcuxpressoide_10.0.2_411/ide/tools/bin/../lib/gcc/arm-none-eabi/5.4.1/../../../../arm-none-eabi/lib/armv6-m\libcr_c.a(memcpy.o)
 .comment       0x0000006e       0x6f d:/software/mcuxpressoide_10.0.2_411/ide/tools/bin/../lib/gcc/arm-none-eabi/5.4.1/../../../../arm-none-eabi/lib/armv6-m\libcr_c.a(memset.o)
 .comment       0x0000006e       0x6f d:/software/mcuxpressoide_10.0.2_411/ide/tools/bin/../lib/gcc/arm-none-eabi/5.4.1/../../../../arm-none-eabi/lib/armv6-m\libcr_c.a(_deferredlazyseek.o)
 .comment       0x0000006e       0x6f d:/software/mcuxpressoide_10.0.2_411/ide/tools/bin/../lib/gcc/arm-none-eabi/5.4.1/../../../../arm-none-eabi/lib/armv6-m\libcr_c.a(_fflush.o)
 .comment       0x0000006e       0x6f d:/software/mcuxpressoide_10.0.2_411/ide/tools/bin/../lib/gcc/arm-none-eabi/5.4.1/../../../../arm-none-eabi/lib/armv6-m\libcr_c.a(_writebuf.o)
 .comment       0x0000006e       0x6f d:/software/mcuxpressoide_10.0.2_411/ide/tools/bin/../lib/gcc/arm-none-eabi/5.4.1/../../../../arm-none-eabi/lib/armv6-m\libcr_c.a(alloc.o)
 .comment       0x0000006e       0x6f d:/software/mcuxpressoide_10.0.2_411/ide/tools/bin/../lib/gcc/arm-none-eabi/5.4.1/../../../../arm-none-eabi/lib/armv6-m\libcr_c.a(fseek.o)
 .comment       0x0000006e       0x6f d:/software/mcuxpressoide_10.0.2_411/ide/tools/bin/../lib/gcc/arm-none-eabi/5.4.1/../../../../arm-none-eabi/lib/armv6-m\libcr_c.a(ftell.o)
 .comment       0x0000006e       0x6f d:/software/mcuxpressoide_10.0.2_411/ide/tools/bin/../lib/gcc/arm-none-eabi/5.4.1/../../../../arm-none-eabi/lib/armv6-m\libcr_c.a(initio.o)
 .comment       0x0000006e       0x6f d:/software/mcuxpressoide_10.0.2_411/ide/tools/bin/../lib/gcc/arm-none-eabi/5.4.1/../../../../arm-none-eabi/lib/armv6-m\libcr_c.a(setvbuf.o)
 .comment       0x0000006e       0x6f d:/software/mcuxpressoide_10.0.2_411/ide/tools/bin/../lib/gcc/arm-none-eabi/5.4.1/../../../../arm-none-eabi/lib/armv6-m\libcr_c.a(_fdopen.o)
 .comment       0x0000006e       0x6f d:/software/mcuxpressoide_10.0.2_411/ide/tools/bin/../lib/gcc/arm-none-eabi/5.4.1/../../../../arm-none-eabi/lib/armv6-m\libcr_c.a(errno.o)
 .comment       0x0000006e       0x6f d:/software/mcuxpressoide_10.0.2_411/ide/tools/bin/../lib/gcc/arm-none-eabi/5.4.1/../../../../arm-none-eabi/lib/armv6-m\libcr_c.a(fclose.o)
 .comment       0x0000006e       0x6f d:/software/mcuxpressoide_10.0.2_411/ide/tools/bin/../lib/gcc/arm-none-eabi/5.4.1/../../../../arm-none-eabi/lib/armv6-m\libcr_c.a(fflush.o)
 .comment       0x0000006e       0x6f d:/software/mcuxpressoide_10.0.2_411/ide/tools/bin/../lib/gcc/arm-none-eabi/5.4.1/../../../../arm-none-eabi/lib/armv6-m\libcr_c.a(remove.o)
 .comment       0x0000006e       0x6f d:/software/mcuxpressoide_10.0.2_411/ide/tools/bin/../lib/gcc/arm-none-eabi/5.4.1/../../../../arm-none-eabi/lib/armv6-m\libcr_c.a(strlen.o)
 .comment       0x0000006e       0x6f d:/software/mcuxpressoide_10.0.2_411/ide/tools/bin/../lib/gcc/arm-none-eabi/5.4.1/../../../../arm-none-eabi/lib/armv6-m\libcr_c.a(_do_fflush.o)

.ARM.attributes
                0x00000000       0x30
 .ARM.attributes
                0x00000000       0x32 ./startup/startup_mkw41z4.o
 .ARM.attributes
                0x00000032       0x32 ./source/flash.o
 .ARM.attributes
                0x00000064       0x32 ./source/mtb.o
 .ARM.attributes
                0x00000096       0x32 ./freertos/fsl_tickless_lptmr.o
 .ARM.attributes
                0x000000c8       0x32 ./freertos/heap_4.o
 .ARM.attributes
                0x000000fa       0x32 ./freertos/list.o
 .ARM.attributes
                0x0000012c       0x32 ./freertos/port.o
 .ARM.attributes
                0x0000015e       0x32 ./freertos/queue.o
 .ARM.attributes
                0x00000190       0x32 ./freertos/tasks.o
 .ARM.attributes
                0x000001c2       0x32 ./freertos/timers.o
 .ARM.attributes
                0x000001f4       0x32 ./drivers/fsl_lpuart.o
 .ARM.attributes
                0x00000226       0x32 ./CMSIS/system_MKW41Z4.o
 .ARM.attributes
                0x00000258       0x31 d:/software/mcuxpressoide_10.0.2_411/ide/tools/bin/../lib/gcc/arm-none-eabi/5.4.1/../../../../arm-none-eabi/lib/armv6-m\libcr_semihost_nf.a(_cr__main.o)
 .ARM.attributes
                0x00000289       0x31 d:/software/mcuxpressoide_10.0.2_411/ide/tools/bin/../lib/gcc/arm-none-eabi/5.4.1/../../../../arm-none-eabi/lib/armv6-m\libcr_semihost_nf.a(__ciob.o)
 .ARM.attributes
                0x000002ba       0x31 d:/software/mcuxpressoide_10.0.2_411/ide/tools/bin/../lib/gcc/arm-none-eabi/5.4.1/../../../../arm-none-eabi/lib/armv6-m\libcr_c.a(memcpy.o)
 .ARM.attributes
                0x000002eb       0x31 d:/software/mcuxpressoide_10.0.2_411/ide/tools/bin/../lib/gcc/arm-none-eabi/5.4.1/../../../../arm-none-eabi/lib/armv6-m\libcr_c.a(memset.o)
 .ARM.attributes
                0x0000031c       0x31 d:/software/mcuxpressoide_10.0.2_411/ide/tools/bin/../lib/gcc/arm-none-eabi/5.4.1/../../../../arm-none-eabi/lib/armv6-m\libcr_c.a(_deferredlazyseek.o)
 .ARM.attributes
                0x0000034d       0x31 d:/software/mcuxpressoide_10.0.2_411/ide/tools/bin/../lib/gcc/arm-none-eabi/5.4.1/../../../../arm-none-eabi/lib/armv6-m\libcr_c.a(_fflush.o)
 .ARM.attributes
                0x0000037e       0x31 d:/software/mcuxpressoide_10.0.2_411/ide/tools/bin/../lib/gcc/arm-none-eabi/5.4.1/../../../../arm-none-eabi/lib/armv6-m\libcr_c.a(_writebuf.o)
 .ARM.attributes
                0x000003af       0x31 d:/software/mcuxpressoide_10.0.2_411/ide/tools/bin/../lib/gcc/arm-none-eabi/5.4.1/../../../../arm-none-eabi/lib/armv6-m\libcr_c.a(alloc.o)
 .ARM.attributes
                0x000003e0       0x31 d:/software/mcuxpressoide_10.0.2_411/ide/tools/bin/../lib/gcc/arm-none-eabi/5.4.1/../../../../arm-none-eabi/lib/armv6-m\libcr_c.a(fseek.o)
 .ARM.attributes
                0x00000411       0x31 d:/software/mcuxpressoide_10.0.2_411/ide/tools/bin/../lib/gcc/arm-none-eabi/5.4.1/../../../../arm-none-eabi/lib/armv6-m\libcr_c.a(ftell.o)
 .ARM.attributes
                0x00000442       0x31 d:/software/mcuxpressoide_10.0.2_411/ide/tools/bin/../lib/gcc/arm-none-eabi/5.4.1/../../../../arm-none-eabi/lib/armv6-m\libcr_c.a(initio.o)
 .ARM.attributes
                0x00000473       0x31 d:/software/mcuxpressoide_10.0.2_411/ide/tools/bin/../lib/gcc/arm-none-eabi/5.4.1/../../../../arm-none-eabi/lib/armv6-m\libcr_c.a(setvbuf.o)
 .ARM.attributes
                0x000004a4       0x31 d:/software/mcuxpressoide_10.0.2_411/ide/tools/bin/../lib/gcc/arm-none-eabi/5.4.1/../../../../arm-none-eabi/lib/armv6-m\libcr_c.a(_fdopen.o)
 .ARM.attributes
                0x000004d5       0x31 d:/software/mcuxpressoide_10.0.2_411/ide/tools/bin/../lib/gcc/arm-none-eabi/5.4.1/../../../../arm-none-eabi/lib/armv6-m\libcr_c.a(errno.o)
 .ARM.attributes
                0x00000506       0x31 d:/software/mcuxpressoide_10.0.2_411/ide/tools/bin/../lib/gcc/arm-none-eabi/5.4.1/../../../../arm-none-eabi/lib/armv6-m\libcr_c.a(fclose.o)
 .ARM.attributes
                0x00000537       0x31 d:/software/mcuxpressoide_10.0.2_411/ide/tools/bin/../lib/gcc/arm-none-eabi/5.4.1/../../../../arm-none-eabi/lib/armv6-m\libcr_c.a(fflush.o)
 .ARM.attributes
                0x00000568       0x31 d:/software/mcuxpressoide_10.0.2_411/ide/tools/bin/../lib/gcc/arm-none-eabi/5.4.1/../../../../arm-none-eabi/lib/armv6-m\libcr_c.a(remove.o)
 .ARM.attributes
                0x00000599       0x31 d:/software/mcuxpressoide_10.0.2_411/ide/tools/bin/../lib/gcc/arm-none-eabi/5.4.1/../../../../arm-none-eabi/lib/armv6-m\libcr_c.a(strlen.o)
 .ARM.attributes
                0x000005ca       0x31 d:/software/mcuxpressoide_10.0.2_411/ide/tools/bin/../lib/gcc/arm-none-eabi/5.4.1/../../../../arm-none-eabi/lib/armv6-m\libcr_c.a(_do_fflush.o)
 .ARM.attributes
                0x000005fb       0x21 d:/software/mcuxpressoide_10.0.2_411/ide/tools/bin/../lib/gcc/arm-none-eabi/5.4.1/armv6-m\libcr_eabihelpers.a(division_32.o)
 .ARM.attributes
                0x0000061c       0x21 d:/software/mcuxpressoide_10.0.2_411/ide/tools/bin/../lib/gcc/arm-none-eabi/5.4.1/armv6-m\libcr_eabihelpers.a(division_idiv0.o)
 .ARM.attributes
                0x0000063d       0x21 d:/software/mcuxpressoide_10.0.2_411/ide/tools/bin/../lib/gcc/arm-none-eabi/5.4.1/armv6-m\libcr_eabihelpers.a(memcpy.o)
 .ARM.attributes
                0x0000065e       0x21 d:/software/mcuxpressoide_10.0.2_411/ide/tools/bin/../lib/gcc/arm-none-eabi/5.4.1/../../../../arm-none-eabi/lib/armv6-m\libcr_semihost_nf.a(__sys_close.o)
 .ARM.attributes
                0x0000067f       0x21 d:/software/mcuxpressoide_10.0.2_411/ide/tools/bin/../lib/gcc/arm-none-eabi/5.4.1/../../../../arm-none-eabi/lib/armv6-m\libcr_semihost_nf.a(__sys_flen.o)
 .ARM.attributes
                0x000006a0       0x21 d:/software/mcuxpressoide_10.0.2_411/ide/tools/bin/../lib/gcc/arm-none-eabi/5.4.1/../../../../arm-none-eabi/lib/armv6-m\libcr_semihost_nf.a(__sys_istty.o)
 .ARM.attributes
                0x000006c1       0x21 d:/software/mcuxpressoide_10.0.2_411/ide/tools/bin/../lib/gcc/arm-none-eabi/5.4.1/../../../../arm-none-eabi/lib/armv6-m\libcr_semihost_nf.a(__sys_remove.o)
 .ARM.attributes
                0x000006e2       0x21 d:/software/mcuxpressoide_10.0.2_411/ide/tools/bin/../lib/gcc/arm-none-eabi/5.4.1/../../../../arm-none-eabi/lib/armv6-m\libcr_semihost_nf.a(__sys_seek.o)
 .ARM.attributes
                0x00000703       0x21 d:/software/mcuxpressoide_10.0.2_411/ide/tools/bin/../lib/gcc/arm-none-eabi/5.4.1/../../../../arm-none-eabi/lib/armv6-m\libcr_semihost_nf.a(__sys_tmpnam.o)
 .ARM.attributes
                0x00000724       0x21 d:/software/mcuxpressoide_10.0.2_411/ide/tools/bin/../lib/gcc/arm-none-eabi/5.4.1/../../../../arm-none-eabi/lib/armv6-m\libcr_semihost_nf.a(__sys_write.o)

.debug_frame    0x00000000     0x1a04
 .debug_frame   0x00000000      0x3b0 ./startup/startup_mkw41z4.o
 .debug_frame   0x000003b0       0xd0 ./source/flash.o
 .debug_frame   0x00000480       0x30 ./freertos/fsl_tickless_lptmr.o
 .debug_frame   0x000004b0       0xe4 ./freertos/heap_4.o
 .debug_frame   0x00000594       0xb0 ./freertos/list.o
 .debug_frame   0x00000644      0x154 ./freertos/port.o
 .debug_frame   0x00000798      0x410 ./freertos/queue.o
 .debug_frame   0x00000ba8      0x73c ./freertos/tasks.o
 .debug_frame   0x000012e4      0x2c8 ./freertos/timers.o
 .debug_frame   0x000015ac      0x40c ./drivers/fsl_lpuart.o
 .debug_frame   0x000019b8       0x4c ./CMSIS/system_MKW41Z4.o
